
> cubanex@0.1.0 build
> next build --turbopack

   Γû▓ Next.js 15.5.7 (Turbopack)

   Creating an optimized production build ...
 Γ£ô Finished writing to disk in 401ms
 Γ£ô Compiled successfully in 19.6s
   Linting and checking validity of types ...
   Collecting page data ...
node.exe : [Error [PageNotFoundError]: Cannot find module for page: /es/about] {
At C:\Program Files\nodejs\npm.ps1:29 char:3
+   & $NODE_EXE $NPM_CLI_JS $args
+   ~~~~~~~~~~~~~~~~~~~~~~~~~~~~~
    + CategoryInfo          : NotSpecified: ([Error [PageNot...e: /es/about] {:String) [], RemoteException
    + FullyQualifiedErrorId : NativeCommandError
 
  code: 'ENOENT'
}
[Error [PageNotFoundError]: Cannot find module for page: /es] {
  code: 'ENOENT'
}
[Error [PageNotFoundError]: Cannot find module for page: /es/privacy-policy] {
  code: 'ENOENT'
}
[Error [PageNotFoundError]: Cannot find module for page: /es/tokenomics] {
  code: 'ENOENT'
}

> Build error occurred
[Error: Failed to collect page data for /es/about] { type: 'Error' }
